// Jest Snapshot v1, https://goo.gl/fbAQLP

exports[`Form should match snapshot 1`] = `
<Form
  hideRequiredMark={false}
  layout="vertical"
  onSubmit={[Function]}
  prefixCls="ant-form"
/>
`;
